Copyright 1986-2016 Xilinx, Inc. All Rights Reserved.
------------------------------------------------------------------------------------
| Tool Version : Vivado v.2016.3 (win64) Build 1682563 Mon Oct 10 19:07:27 MDT 2016
| Date         : Thu May 18 13:49:42 2023
| Host         : DESKTOP-TE2J1PM running 64-bit major release  (build 9200)
| Command      : report_control_sets -verbose -file lab05_control_sets_placed.rpt
| Design       : lab05
| Device       : xc7z020
------------------------------------------------------------------------------------

Control Set Information

Table of Contents
-----------------
1. Summary
2. Flip-Flop Distribution
3. Detailed Control Set Information

1. Summary
----------

+----------------------------------------------------------+-------+
|                          Status                          | Count |
+----------------------------------------------------------+-------+
| Number of unique control sets                            |   121 |
| Unused register locations in slices containing registers |   486 |
+----------------------------------------------------------+-------+


2. Flip-Flop Distribution
-------------------------

+--------------+-----------------------+------------------------+-----------------+--------------+
| Clock Enable | Synchronous Set/Reset | Asynchronous Set/Reset | Total Registers | Total Slices |
+--------------+-----------------------+------------------------+-----------------+--------------+
| No           | No                    | No                     |              61 |           54 |
| No           | No                    | Yes                    |              12 |            6 |
| No           | Yes                   | No                     |             130 |           35 |
| Yes          | No                    | No                     |             628 |          437 |
| Yes          | No                    | Yes                    |              49 |           20 |
| Yes          | Yes                   | No                     |             434 |          183 |
+--------------+-----------------------+------------------------+-----------------+--------------+


3. Detailed Control Set Information
-----------------------------------

+----------------+----------------------------------------------+-------------------------------------------------+------------------+----------------+
|  Clock Signal  |                 Enable Signal                |                 Set/Reset Signal                | Slice Load Count | Bel Load Count |
+----------------+----------------------------------------------+-------------------------------------------------+------------------+----------------+
|  clk_60Hz_BUFG | asteroids_reg[24][is_activated]__0           | asteroids[24][y][9]_i_1_n_0                     |                3 |              4 |
|  clk_60Hz_BUFG | asteroids_reg[28][is_activated]__0           | asteroids[28][y][9]_i_1_n_0                     |                2 |              4 |
|  clk_60Hz_BUFG | asteroids_reg[38][is_activated]__0           | asteroids[38][x][9]_i_1_n_0                     |                3 |              4 |
|  clk_60Hz_BUFG | asteroids_reg[29][is_activated]__0           | asteroids[29][x][9]_i_1_n_0                     |                3 |              4 |
|  clk_60Hz_BUFG | asteroids_reg[39][is_activated]__0           | asteroids[39][x][9]_i_1_n_0                     |                2 |              4 |
|  clk_60Hz_BUFG | asteroids_reg[27][is_activated]__0           | asteroids[27][y][9]_i_1_n_0                     |                2 |              4 |
|  pulse_BUFG    |                                              |                                                 |                2 |              4 |
|  clk_60Hz_BUFG | asteroids_reg[30][is_activated]__0           | asteroids[30][y][9]_i_1_n_0                     |                3 |              4 |
|  clk_60Hz_BUFG | asteroids_reg[25][is_activated]__0           | asteroids[25][y][9]_i_1_n_0                     |                3 |              4 |
|  clk_60Hz_BUFG | asteroids_reg[31][is_activated]__0           | asteroids[31][y][9]_i_1_n_0                     |                3 |              4 |
|  clk_60Hz_BUFG | asteroids_reg[26][is_activated]__0           | asteroids[26][y][9]_i_1_n_0                     |                3 |              4 |
|  clk_60Hz_BUFG | asteroids_reg[33][is_activated]__0           | asteroids[33][y][9]_i_1_n_0                     |                2 |              4 |
|  clk_60Hz_BUFG | asteroids_reg[34][is_activated]__0           | asteroids[34][y][9]_i_1_n_0                     |                2 |              4 |
|  clk_60Hz_BUFG | asteroids_reg[20][is_activated]__0           | asteroids[20][y][9]_i_1_n_0                     |                3 |              4 |
|  clk_60Hz_BUFG | asteroids_reg[35][is_activated]__0           | asteroids[35][y][9]_i_1_n_0                     |                2 |              4 |
|  clk_60Hz_BUFG | asteroids_reg[32][is_activated]__0           | asteroids[32][y][9]_i_1_n_0                     |                4 |              4 |
|  clk_60Hz_BUFG | asteroids_reg[21][is_activated]__0           | asteroids[21][y][9]_i_1_n_0                     |                4 |              4 |
|  clk_60Hz_BUFG | asteroids_reg[36][is_activated]__0           | asteroids[36][y][9]_i_1_n_0                     |                4 |              4 |
|  clk_60Hz_BUFG | asteroids_reg[22][is_activated]__0           | asteroids[22][y][9]_i_1_n_0                     |                3 |              4 |
|  clk_60Hz_BUFG | asteroids_reg[37][is_activated]__0           | asteroids[37][x][9]_i_1_n_0                     |                3 |              4 |
|  clk_60Hz_BUFG | asteroids_reg[23][is_activated]__0           | asteroids[23][y][9]_i_1_n_0                     |                3 |              4 |
|  clk_IBUF_BUFG | jstk_ctrler/spi_master_0/clk_toggles0        | jstk_ctrler/spi_master_0/clk_toggles[4]_i_1_n_0 |                2 |              5 |
|  clk_60Hz_BUFG | asteroids_reg[29][is_activated]__0           |                                                 |                3 |              7 |
|  clk_60Hz_BUFG | asteroids_reg[32][is_activated]__0           |                                                 |                3 |              7 |
|  clk_60Hz_BUFG | asteroids_reg[33][is_activated]__0           |                                                 |                3 |              7 |
|  clk_60Hz_BUFG | asteroids_reg[31][is_activated]__0           |                                                 |                5 |              7 |
|  clk_60Hz_BUFG | asteroids_reg[30][is_activated]__0           |                                                 |                4 |              7 |
|  clk_60Hz_BUFG | asteroids_reg[20][is_activated]__0           |                                                 |                3 |              7 |
|  clk_60Hz_BUFG | asteroids_reg[21][is_activated]__0           |                                                 |                3 |              7 |
|  clk_60Hz_BUFG | asteroids_reg[22][is_activated]__0           |                                                 |                3 |              7 |
|  clk_60Hz_BUFG | asteroids_reg[23][is_activated]__0           |                                                 |                4 |              7 |
|  clk_60Hz_BUFG | asteroids_reg[24][is_activated]__0           |                                                 |                3 |              7 |
|  clk_60Hz_BUFG | asteroids_reg[27][is_activated]__0           |                                                 |                4 |              7 |
|  clk_60Hz_BUFG | asteroids_reg[36][is_activated]__0           |                                                 |                5 |              7 |
|  clk_60Hz_BUFG | asteroids_reg[25][is_activated]__0           |                                                 |                3 |              7 |
|  clk_60Hz_BUFG | asteroids_reg[37][is_activated]__0           |                                                 |                4 |              7 |
|  clk_60Hz_BUFG | asteroids_reg[28][is_activated]__0           |                                                 |                3 |              7 |
|  clk_60Hz_BUFG | asteroids_reg[38][is_activated]__0           |                                                 |                5 |              7 |
|  clk_60Hz_BUFG | asteroids_reg[35][is_activated]__0           |                                                 |                3 |              7 |
|  clk_60Hz_BUFG | asteroids_reg[39][is_activated]__0           |                                                 |                3 |              7 |
|  clk_60Hz_BUFG | asteroids_reg[26][is_activated]__0           |                                                 |                2 |              7 |
|  clk_60Hz_BUFG | asteroids_reg[34][is_activated]__0           |                                                 |                2 |              7 |
|  clk_IBUF_BUFG | jstk_ctrler/spi_master_0/rx_buffer0          |                                                 |                3 |              8 |
|  clk_IBUF_BUFG | jstk_ctrler/spi_master_0/rx_data[7]_i_1_n_0  | jstk_ctrler/spi_master_0/AR[0]                  |                1 |              8 |
|  clk_IBUF_BUFG | jstk_ctrler/spi_master_0/spi_rx_data_reg[0]  |                                                 |                2 |              8 |
|  clk_IBUF_BUFG | jstk_ctrler/spi_master_0/spi_rx_data_reg[14] |                                                 |                1 |              8 |
|  clk_60Hz_BUFG | asteroids[17][x]                             |                                                 |                8 |             10 |
|  clk_60Hz_BUFG | asteroids[20][y][9]_i_1_n_0                  |                                                 |               10 |             10 |
|  clk_60Hz_BUFG | asteroids[19][x]                             |                                                 |                9 |             10 |
|  clk_60Hz_BUFG | asteroids[1][x]                              |                                                 |                9 |             10 |
|  clk_60Hz_BUFG | asteroids[0][x]                              |                                                 |                7 |             10 |
|  clk_60Hz_BUFG | asteroids[10][x]                             |                                                 |                9 |             10 |
|  clk_60Hz_BUFG | asteroids[11][x]                             |                                                 |                8 |             10 |
|  clk_60Hz_BUFG | asteroids[14][x]                             |                                                 |                8 |             10 |
|  clk_60Hz_BUFG | asteroids[15][x]                             |                                                 |                8 |             10 |
|  clk_60Hz_BUFG | asteroids[12][x]                             |                                                 |                8 |             10 |
|  clk_60Hz_BUFG | asteroids[21][y][9]_i_1_n_0                  |                                                 |                9 |             10 |
|  clk_60Hz_BUFG | asteroids[22][y][9]_i_1_n_0                  |                                                 |                9 |             10 |
|  clk_60Hz_BUFG | asteroids[23][y][9]_i_1_n_0                  |                                                 |                8 |             10 |
|  clk_60Hz_BUFG | asteroids[27][y][9]_i_1_n_0                  |                                                 |                7 |             10 |
|  clk_60Hz_BUFG | asteroids[28][y][9]_i_1_n_0                  |                                                 |               10 |             10 |
|  clk_60Hz_BUFG | asteroids[29][y]                             |                                                 |                9 |             10 |
|  clk_60Hz_BUFG | asteroids[2][x]                              |                                                 |               10 |             10 |
|  clk_60Hz_BUFG | asteroids[30][y][9]_i_1_n_0                  |                                                 |               10 |             10 |
|  clk_60Hz_BUFG | asteroids[31][y][9]_i_1_n_0                  |                                                 |                9 |             10 |
|  clk_60Hz_BUFG | asteroids[24][y][9]_i_1_n_0                  |                                                 |                9 |             10 |
|  clk_60Hz_BUFG | asteroids[4][x]                              |                                                 |                9 |             10 |
|  clk_60Hz_BUFG | asteroids[5][x]                              |                                                 |                9 |             10 |
|  clk_60Hz_BUFG | asteroids[6][x]                              |                                                 |                8 |             10 |
|  clk_60Hz_BUFG | asteroids[7][x]                              |                                                 |                6 |             10 |
|  clk_60Hz_BUFG | asteroids[8][x]                              |                                                 |                8 |             10 |
|  clk_60Hz_BUFG | asteroids[9][x]                              |                                                 |                9 |             10 |
|  clk_60Hz_BUFG | asteroids[32][y][9]_i_1_n_0                  |                                                 |                8 |             10 |
|  clk_60Hz_BUFG | asteroids[33][y][9]_i_1_n_0                  |                                                 |                9 |             10 |
|  clk_60Hz_BUFG | asteroids[34][y][9]_i_1_n_0                  |                                                 |                9 |             10 |
|  clk_60Hz_BUFG | asteroids[3][x]                              |                                                 |                9 |             10 |
|  clk_60Hz_BUFG | asteroids[36][y][9]_i_1_n_0                  |                                                 |                7 |             10 |
|  clk_60Hz_BUFG | asteroids[37][x][9]_i_1_n_0                  |                                                 |               10 |             10 |
|  clk_60Hz_BUFG | asteroids[38][x][9]_i_1_n_0                  |                                                 |                8 |             10 |
|  clk_60Hz_BUFG | asteroids[39][x][9]_i_1_n_0                  |                                                 |               10 |             10 |
|  clk_60Hz_BUFG | asteroids[25][y][9]_i_1_n_0                  |                                                 |               10 |             10 |
|  clk_60Hz_BUFG | asteroids[26][y][9]_i_1_n_0                  |                                                 |                9 |             10 |
|  clk_60Hz_BUFG | asteroids[13][x]                             |                                                 |                9 |             10 |
|  clk_60Hz_BUFG | asteroids[16][x]                             |                                                 |                8 |             10 |
|  clk_60Hz_BUFG | asteroids[18][x]                             |                                                 |               10 |             10 |
|  clk_60Hz_BUFG | asteroids[35][y][9]_i_1_n_0                  |                                                 |                8 |             10 |
|  clk_60Hz_BUFG | asteroids_reg[14][is_activated]__0           | asteroids[14][x]                                |                6 |             11 |
|  clk_60Hz_BUFG | asteroids_reg[15][is_activated]__0           | asteroids[15][x]                                |                5 |             11 |
|  clk_60Hz_BUFG | asteroids_reg[16][is_activated]__0           | asteroids[16][x]                                |                3 |             11 |
|  clk_60Hz_BUFG | asteroids_reg[18][is_activated]__0           | asteroids[18][x]                                |                5 |             11 |
|  clk_60Hz_BUFG | asteroids_reg[19][is_activated]__0           | asteroids[19][x]                                |                4 |             11 |
|  clk_60Hz_BUFG | asteroids_reg[1][is_activated]__0            | asteroids[1][x]                                 |                4 |             11 |
|  clk_60Hz_BUFG | asteroids_reg[3][is_activated]__0            | asteroids[3][x]                                 |                4 |             11 |
|  clk_60Hz_BUFG | asteroids_reg[4][is_activated]__0            | asteroids[4][x]                                 |                5 |             11 |
|  clk_60Hz_BUFG | asteroids_reg[5][is_activated]__0            | asteroids[5][x]                                 |                4 |             11 |
|  clk_60Hz_BUFG | asteroids_reg[6][is_activated]__0            | asteroids[6][x]                                 |                4 |             11 |
|  clk_60Hz_BUFG | asteroids_reg[7][is_activated]__0            | asteroids[7][x]                                 |                4 |             11 |
|  clk_60Hz_BUFG | asteroids_reg[8][is_activated]__0            | asteroids[8][x]                                 |                5 |             11 |
|  clk_60Hz_BUFG | asteroids_reg[9][is_activated]__0            | asteroids[9][x]                                 |                4 |             11 |
|  clk_60Hz_BUFG | asteroids_reg[2][is_activated]__0            | asteroids[2][x]                                 |                5 |             11 |
|  clk_60Hz_BUFG | asteroids_reg[17][is_activated]__0           | asteroids[17][x]                                |                5 |             11 |
|  clk_60Hz_BUFG | asteroids_reg[0][is_activated]__0            | asteroids[0][x]                                 |                5 |             11 |
|  clk_60Hz_BUFG | asteroids_reg[10][is_activated]__0           | asteroids[10][x]                                |                4 |             11 |
|  clk_60Hz_BUFG | asteroids_reg[11][is_activated]__0           | asteroids[11][x]                                |                4 |             11 |
|  clk_60Hz_BUFG | asteroids_reg[12][is_activated]__0           | asteroids[12][x]                                |                4 |             11 |
|  clk_60Hz_BUFG | asteroids_reg[13][is_activated]__0           | asteroids[13][x]                                |                4 |             11 |
|  clk_IBUF_BUFG |                                              | jstk_ctrler/spi_master_0/AR[0]                  |                6 |             12 |
|  clk_IBUF_BUFG |                                              |                                                 |               10 |             15 |
|  clk_IBUF_BUFG | jstk_ctrler/x_position[7]_i_1_n_0            | jstk_ctrler/spi_master_0/AR[0]                  |                3 |             17 |
|  clk_IBUF_BUFG | jstk_ctrler/spi_master_0/E[0]                | jstk_ctrler/spi_master_0/AR[0]                  |               16 |             24 |
|  clk_IBUF_BUFG | jstk_ctrler/spi_master_0/count0_0            | jstk_ctrler/spi_master_0/count[31]_i_1_n_0      |                7 |             28 |
|  clk_60Hz_BUFG | jstk_ctrler/y1_reg_2__s_net_1                | jstk_ctrler/y1_reg[2]_0                         |                8 |             30 |
|  clk_60Hz_BUFG | y2[2]_i_2_n_0                                | y2[2]_i_1_n_0                                   |                8 |             30 |
|  clk_IBUF_BUFG |                                              | u_clk60hz/pulse                                 |                8 |             31 |
|  clk_IBUF_BUFG |                                              | ssd_ctrler/u_clk100hz/pulse                     |                8 |             31 |
|  clk_IBUF_BUFG |                                              | u_clk50mhz/pulse_0                              |                9 |             32 |
|  clk_60Hz_BUFG | jstk_ctrler/score_1                          |                                                 |                8 |             32 |
|  clk_60Hz_BUFG | score_2                                      |                                                 |                8 |             32 |
|  pulse_BUFG    |                                              | hcount[31]_i_1_n_0                              |               10 |             36 |
|  pulse_BUFG    | hcount[31]_i_1_n_0                           | vcount[31]_i_1_n_0                              |               13 |             41 |
|  clk_60Hz_BUFG |                                              |                                                 |               42 |             42 |
+----------------+----------------------------------------------+-------------------------------------------------+------------------+----------------+


+--------+-----------------------+
| Fanout | Number of ControlSets |
+--------+-----------------------+
| 4      |                    21 |
| 5      |                     1 |
| 7      |                    20 |
| 8      |                     4 |
| 10     |                    40 |
| 11     |                    20 |
| 12     |                     1 |
| 15     |                     1 |
| 16+    |                    13 |
+--------+-----------------------+


